Archive member included to satisfy reference by file (symbol)

c:/ac6/systemworkbench/plugins/fr.ac6.mcu.externaltools.arm-none.win32_1.15.0.201708311556/tools/compiler/bin/../lib/gcc/arm-none-eabi/6.3.1/../../../../arm-none-eabi/lib/thumb/v7e-m/fpv4-sp/hard\libc_nano.a(lib_a-exit.o)
                              c:/ac6/systemworkbench/plugins/fr.ac6.mcu.externaltools.arm-none.win32_1.15.0.201708311556/tools/compiler/bin/../lib/gcc/arm-none-eabi/6.3.1/../../../../arm-none-eabi/lib/thumb/v7e-m/fpv4-sp/hard/crt0.o (exit)
c:/ac6/systemworkbench/plugins/fr.ac6.mcu.externaltools.arm-none.win32_1.15.0.201708311556/tools/compiler/bin/../lib/gcc/arm-none-eabi/6.3.1/../../../../arm-none-eabi/lib/thumb/v7e-m/fpv4-sp/hard\libc_nano.a(lib_a-impure.o)
                              c:/ac6/systemworkbench/plugins/fr.ac6.mcu.externaltools.arm-none.win32_1.15.0.201708311556/tools/compiler/bin/../lib/gcc/arm-none-eabi/6.3.1/../../../../arm-none-eabi/lib/thumb/v7e-m/fpv4-sp/hard\libc_nano.a(lib_a-exit.o) (_global_impure_ptr)
c:/ac6/systemworkbench/plugins/fr.ac6.mcu.externaltools.arm-none.win32_1.15.0.201708311556/tools/compiler/bin/../lib/gcc/arm-none-eabi/6.3.1/../../../../arm-none-eabi/lib/thumb/v7e-m/fpv4-sp/hard\libc_nano.a(lib_a-init.o)
                              c:/ac6/systemworkbench/plugins/fr.ac6.mcu.externaltools.arm-none.win32_1.15.0.201708311556/tools/compiler/bin/../lib/gcc/arm-none-eabi/6.3.1/../../../../arm-none-eabi/lib/thumb/v7e-m/fpv4-sp/hard/crt0.o (__libc_init_array)
c:/ac6/systemworkbench/plugins/fr.ac6.mcu.externaltools.arm-none.win32_1.15.0.201708311556/tools/compiler/bin/../lib/gcc/arm-none-eabi/6.3.1/../../../../arm-none-eabi/lib/thumb/v7e-m/fpv4-sp/hard\libc_nano.a(lib_a-memcpy-stub.o)
                              Middlewares/Third_Party/FreeRTOS/Source/queue.o (memcpy)
c:/ac6/systemworkbench/plugins/fr.ac6.mcu.externaltools.arm-none.win32_1.15.0.201708311556/tools/compiler/bin/../lib/gcc/arm-none-eabi/6.3.1/../../../../arm-none-eabi/lib/thumb/v7e-m/fpv4-sp/hard\libc_nano.a(lib_a-memset.o)
                              c:/ac6/systemworkbench/plugins/fr.ac6.mcu.externaltools.arm-none.win32_1.15.0.201708311556/tools/compiler/bin/../lib/gcc/arm-none-eabi/6.3.1/../../../../arm-none-eabi/lib/thumb/v7e-m/fpv4-sp/hard/crt0.o (memset)
c:/ac6/systemworkbench/plugins/fr.ac6.mcu.externaltools.arm-none.win32_1.15.0.201708311556/tools/compiler/bin/../lib/gcc/arm-none-eabi/6.3.1/../../../../arm-none-eabi/lib/thumb/v7e-m/fpv4-sp/hard\libnosys.a(_exit.o)
                              c:/ac6/systemworkbench/plugins/fr.ac6.mcu.externaltools.arm-none.win32_1.15.0.201708311556/tools/compiler/bin/../lib/gcc/arm-none-eabi/6.3.1/../../../../arm-none-eabi/lib/thumb/v7e-m/fpv4-sp/hard\libc_nano.a(lib_a-exit.o) (_exit)

Allocating common symbols
Common symbol       size              file

taskSporadicHandle  0x4               Src/main.o
adcValuePPM         0x4               Src/main.o
uwTick              0x4               Drivers/STM32F4xx_HAL_Driver/Src/stm32f4xx_hal.o
xQueueRegistry      0x40              Middlewares/Third_Party/FreeRTOS/Source/queue.o
pFlash              0x20              Drivers/STM32F4xx_HAL_Driver/Src/stm32f4xx_hal_flash.o
hadc1               0x48              Src/main.o
myQueueHandle       0x4               Src/main.o
huart4              0x40              Src/main.o
readSensorHandle    0x4               Src/main.o
piscaLedHandle      0x4               Src/main.o
adcValue            0x4               Src/main.o
taskControlHandle   0x4               Src/main.o
gateKeeperHandle    0x4               Src/main.o

Discarded input sections

 .text          0x00000000        0x0 c:/ac6/systemworkbench/plugins/fr.ac6.mcu.externaltools.arm-none.win32_1.15.0.201708311556/tools/compiler/bin/../lib/gcc/arm-none-eabi/6.3.1/thumb/v7e-m/fpv4-sp/hard/crti.o
 .data          0x00000000        0x0 c:/ac6/systemworkbench/plugins/fr.ac6.mcu.externaltools.arm-none.win32_1.15.0.201708311556/tools/compiler/bin/../lib/gcc/arm-none-eabi/6.3.1/thumb/v7e-m/fpv4-sp/hard/crti.o
 .bss           0x00000000        0x0 c:/ac6/systemworkbench/plugins/fr.ac6.mcu.externaltools.arm-none.win32_1.15.0.201708311556/tools/compiler/bin/../lib/gcc/arm-none-eabi/6.3.1/thumb/v7e-m/fpv4-sp/hard/crti.o
 .data          0x00000000        0x4 c:/ac6/systemworkbench/plugins/fr.ac6.mcu.externaltools.arm-none.win32_1.15.0.201708311556/tools/compiler/bin/../lib/gcc/arm-none-eabi/6.3.1/thumb/v7e-m/fpv4-sp/hard/crtbegin.o
 .text          0x00000000       0x74 c:/ac6/systemworkbench/plugins/fr.ac6.mcu.externaltools.arm-none.win32_1.15.0.201708311556/tools/compiler/bin/../lib/gcc/arm-none-eabi/6.3.1/../../../../arm-none-eabi/lib/thumb/v7e-m/fpv4-sp/hard/crt0.o
 .data          0x00000000        0x0 c:/ac6/systemworkbench/plugins/fr.ac6.mcu.externaltools.arm-none.win32_1.15.0.201708311556/tools/compiler/bin/../lib/gcc/arm-none-eabi/6.3.1/../../../../arm-none-eabi/lib/thumb/v7e-m/fpv4-sp/hard/crt0.o
[...]
Memory Configuration

Name             Origin             Length             Attributes
RAM              0x20000000         0x00020000         xrw
CCMRAM           0x10000000         0x00010000         rw
FLASH            0x08000000         0x00080000         xr
*default*        0x00000000         0xffffffff

Linker script and memory map

LOAD c:/ac6/systemworkbench/plugins/fr.ac6.mcu.externaltools.arm-none.win32_1.15.0.201708311556/tools/compiler/bin/../lib/gcc/arm-none-eabi/6.3.1/thumb/v7e-m/fpv4-sp/hard/crti.o
LOAD c:/ac6/systemworkbench/plugins/fr.ac6.mcu.externaltools.arm-none.win32_1.15.0.201708311556/tools/compiler/bin/../lib/gcc/arm-none-eabi/6.3.1/thumb/v7e-m/fpv4-sp/hard/crtbegin.o
LOAD c:/ac6/systemworkbench/plugins/fr.ac6.mcu.externaltools.arm-none.win32_1.15.0.201708311556/tools/compiler/bin/../lib/gcc/arm-none-eabi/6.3.1/../../../../arm-none-eabi/lib/thumb/v7e-m/fpv4-sp/hard/crt0.o
LOAD Drivers/STM32F4xx_HAL_Driver/Src/stm32f4xx_hal.o
LOAD Drivers/STM32F4xx_HAL_Driver/Src/stm32f4xx_hal_adc.o
LOAD Drivers/STM32F4xx_HAL_Driver/Src/stm32f4xx_hal_adc_ex.o
LOAD Drivers/STM32F4xx_HAL_Driver/Src/stm32f4xx_hal_cortex.o
LOAD Drivers/STM32F4xx_HAL_Driver/Src/stm32f4xx_hal_dma.o
LOAD Drivers/STM32F4xx_HAL_Driver/Src/stm32f4xx_hal_dma_ex.o
LOAD Drivers/STM32F4xx_HAL_Driver/Src/stm32f4xx_hal_flash.o
LOAD Drivers/STM32F4xx_HAL_Driver/Src/stm32f4xx_hal_flash_ex.o
LOAD Drivers/STM32F4xx_HAL_Driver/Src/stm32f4xx_hal_flash_ramfunc.o
LOAD Drivers/STM32F4xx_HAL_Driver/Src/stm32f4xx_hal_gpio.o
LOAD Drivers/STM32F4xx_HAL_Driver/Src/stm32f4xx_hal_pwr.o
LOAD Drivers/STM32F4xx_HAL_Driver/Src/stm32f4xx_hal_pwr_ex.o
LOAD Drivers/STM32F4xx_HAL_Driver/Src/stm32f4xx_hal_rcc.o
LOAD Drivers/STM32F4xx_HAL_Driver/Src/stm32f4xx_hal_rcc_ex.o
LOAD Drivers/STM32F4xx_HAL_Driver/Src/stm32f4xx_hal_tim.o
LOAD Drivers/STM32F4xx_HAL_Driver/Src/stm32f4xx_hal_tim_ex.o
LOAD Drivers/STM32F4xx_HAL_Driver/Src/stm32f4xx_hal_uart.o
LOAD Middlewares/Third_Party/FreeRTOS/Source/CMSIS_RTOS/cmsis_os.o
LOAD Middlewares/Third_Party/FreeRTOS/Source/croutine.o
LOAD Middlewares/Third_Party/FreeRTOS/Source/event_groups.o
LOAD Middlewares/Third_Party/FreeRTOS/Source/list.o
LOAD Middlewares/Third_Party/FreeRTOS/Source/queue.o
LOAD Middlewares/Third_Party/FreeRTOS/Source/tasks.o
LOAD Middlewares/Third_Party/FreeRTOS/Source/timers.o
LOAD Middlewares/Third_Party/FreeRTOS/Source/portable/GCC/ARM_CM4F/port.o
LOAD Middlewares/Third_Party/FreeRTOS/Source/portable/MemMang/heap_4.o
LOAD Src/freertos.o
LOAD Src/main.o
LOAD Src/stm32f4xx_hal_msp.o
LOAD Src/stm32f4xx_it.o
LOAD Src/system_stm32f4xx.o
LOAD startup/startup_stm32f407xx.o
LOAD c:/ac6/systemworkbench/plugins/fr.ac6.mcu.externaltools.arm-none.win32_1.15.0.201708311556/tools/compiler/bin/../lib/gcc/arm-none-eabi/6.3.1/../../../../arm-none-eabi/lib/thumb/v7e-m/fpv4-sp/hard\libm.a
START GROUP
LOAD c:/ac6/systemworkbench/plugins/fr.ac6.mcu.externaltools.arm-none.win32_1.15.0.201708311556/tools/compiler/bin/../lib/gcc/arm-none-eabi/6.3.1/thumb/v7e-m/fpv4-sp/hard\libgcc.a
LOAD c:/ac6/systemworkbench/plugins/fr.ac6.mcu.externaltools.arm-none.win32_1.15.0.201708311556/tools/compiler/bin/../lib/gcc/arm-none-eabi/6.3.1/../../../../arm-none-eabi/lib/thumb/v7e-m/fpv4-sp/hard\libc_nano.a
END GROUP
START GROUP
LOAD c:/ac6/systemworkbench/plugins/fr.ac6.mcu.externaltools.arm-none.win32_1.15.0.201708311556/tools/compiler/bin/../lib/gcc/arm-none-eabi/6.3.1/thumb/v7e-m/fpv4-sp/hard\libgcc.a
LOAD c:/ac6/systemworkbench/plugins/fr.ac6.mcu.externaltools.arm-none.win32_1.15.0.201708311556/tools/compiler/bin/../lib/gcc/arm-none-eabi/6.3.1/../../../../arm-none-eabi/lib/thumb/v7e-m/fpv4-sp/hard\libc_nano.a
LOAD c:/ac6/systemworkbench/plugins/fr.ac6.mcu.externaltools.arm-none.win32_1.15.0.201708311556/tools/compiler/bin/../lib/gcc/arm-none-eabi/6.3.1/../../../../arm-none-eabi/lib/thumb/v7e-m/fpv4-sp/hard\libnosys.a
END GROUP
START GROUP
LOAD c:/ac6/systemworkbench/plugins/fr.ac6.mcu.externaltools.arm-none.win32_1.15.0.201708311556/tools/compiler/bin/../lib/gcc/arm-none-eabi/6.3.1/thumb/v7e-m/fpv4-sp/hard\libgcc.a
LOAD c:/ac6/systemworkbench/plugins/fr.ac6.mcu.externaltools.arm-none.win32_1.15.0.201708311556/tools/compiler/bin/../lib/gcc/arm-none-eabi/6.3.1/../../../../arm-none-eabi/lib/thumb/v7e-m/fpv4-sp/hard\libc_nano.a
LOAD c:/ac6/systemworkbench/plugins/fr.ac6.mcu.externaltools.arm-none.win32_1.15.0.201708311556/tools/compiler/bin/../lib/gcc/arm-none-eabi/6.3.1/../../../../arm-none-eabi/lib/thumb/v7e-m/fpv4-sp/hard\libnosys.a
END GROUP
LOAD c:/ac6/systemworkbench/plugins/fr.ac6.mcu.externaltools.arm-none.win32_1.15.0.201708311556/tools/compiler/bin/../lib/gcc/arm-none-eabi/6.3.1/thumb/v7e-m/fpv4-sp/hard/crtend.o
LOAD c:/ac6/systemworkbench/plugins/fr.ac6.mcu.externaltools.arm-none.win32_1.15.0.201708311556/tools/compiler/bin/../lib/gcc/arm-none-eabi/6.3.1/thumb/v7e-m/fpv4-sp/hard/crtn.o
                0x20020000                _estack = 0x20020000
                0x00000200                _Min_Heap_Size = 0x200
                0x00000400                _Min_Stack_Size = 0x400

.isr_vector     0x08000000      0x188
                0x08000000                . = ALIGN (0x4)
 *(.isr_vector)
 .isr_vector    0x08000000      0x188 startup/startup_stm32f407xx.o
                0x08000000                g_pfnVectors
                0x08000188                . = ALIGN (0x4)

.text           0x08000190     0x3e5c
                0x08000190                . = ALIGN (0x4)
 *(.text)
 .text          0x08000190       0x6c c:/ac6/systemworkbench/plugins/fr.ac6.mcu.externaltools.arm-none.win32_1.15.0.201708311556/tools/compiler/bin/../lib/gcc/arm-none-eabi/6.3.1/thumb/v7e-m/fpv4-sp/hard/crtbegin.o
 *(.text*)
 .text.HAL_InitTick
                0x080001fc       0x2c Drivers/STM32F4xx_HAL_Driver/Src/stm32f4xx_hal.o
                0x080001fc                HAL_InitTick
 .text.HAL_Init
                0x08000228       0x34 Drivers/STM32F4xx_HAL_Driver/Src/stm32f4xx_hal.o
                0x08000228                HAL_Init
 .text.HAL_IncTick
                0x0800025c       0x10 Drivers/STM32F4xx_HAL_Driver/Src/stm32f4xx_hal.o
                0x0800025c                HAL_IncTick
 .text.HAL_GetTick
                0x0800026c        0xc Drivers/STM32F4xx_HAL_Driver/Src/stm32f4xx_hal.o
                0x0800026c                HAL_GetTick
 .text.ADC_Init
                0x08000278      0x13c Drivers/STM32F4xx_HAL_Driver/Src/stm32f4xx_hal_adc.o
 .text.HAL_ADC_Init
                0x080003b4       0x54 Drivers/STM32F4xx_HAL_Driver/Src/stm32f4xx_hal_adc.o
                0x080003b4                HAL_ADC_Init
 .text.HAL_ADC_Start
                0x08000408       0xf8 Drivers/STM32F4xx_HAL_Driver/Src/stm32f4xx_hal_adc.o
                0x08000408                HAL_ADC_Start
 .text.HAL_ADC_Stop
                0x08000500       0x40 Drivers/STM32F4xx_HAL_Driver/Src/stm32f4xx_hal_adc.o
                0x08000500                HAL_ADC_Stop
 .text.HAL_ADC_PollForConversion
                0x08000540       0xb6 Drivers/STM32F4xx_HAL_Driver/Src/stm32f4xx_hal_adc.o
                0x08000540                HAL_ADC_PollForConversion
 .text.HAL_ADC_GetValue
                0x080005f6        0x6 Drivers/STM32F4xx_HAL_Driver/Src/stm32f4xx_hal_adc.o
                0x080005f6                HAL_ADC_GetValue
 .text.HAL_ADC_ConfigChannel
                0x080005fc      0x190 Drivers/STM32F4xx_HAL_Driver/Src/stm32f4xx_hal_adc.o
                0x080005fc                HAL_ADC_ConfigChannel
 .text.HAL_NVIC_SetPriorityGrouping
                0x0800078c       0x24 Drivers/STM32F4xx_HAL_Driver/Src/stm32f4xx_hal_cortex.o
                0x0800078c                HAL_NVIC_SetPriorityGrouping
 .text.HAL_NVIC_SetPriority
                0x080007b0       0x64 Drivers/STM32F4xx_HAL_Driver/Src/stm32f4xx_hal_cortex.o
                0x080007b0                HAL_NVIC_SetPriority
 .text.HAL_NVIC_EnableIRQ
                0x08000814       0x18 Drivers/STM32F4xx_HAL_Driver/Src/stm32f4xx_hal_cortex.o
                0x08000814                HAL_NVIC_EnableIRQ
 .text.HAL_SYSTICK_Config
                0x0800082c       0x2c Drivers/STM32F4xx_HAL_Driver/Src/stm32f4xx_hal_cortex.o
                0x0800082c                HAL_SYSTICK_Config
 .text.HAL_SYSTICK_CLKSourceConfig
                0x08000858       0x20 Drivers/STM32F4xx_HAL_Driver/Src/stm32f4xx_hal_cortex.o
                0x08000858                HAL_SYSTICK_CLKSourceConfig
 .text.HAL_DMA_Abort_IT
                0x08000878       0x26 Drivers/STM32F4xx_HAL_Driver/Src/stm32f4xx_hal_dma.o
                0x08000878                HAL_DMA_Abort_IT
 *fill*         0x0800089e        0x2 
 .text.HAL_GPIO_Init
                0x080008a0      0x1cc Drivers/STM32F4xx_HAL_Driver/Src/stm32f4xx_hal_gpio.o
                0x080008a0                HAL_GPIO_Init
 .text.HAL_GPIO_WritePin
                0x08000a6c        0xc Drivers/STM32F4xx_HAL_Driver/Src/stm32f4xx_hal_gpio.o
                0x08000a6c                HAL_GPIO_WritePin
 .text.HAL_GPIO_TogglePin
                0x08000a78        0x8 Drivers/STM32F4xx_HAL_Driver/Src/stm32f4xx_hal_gpio.o
                0x08000a78                HAL_GPIO_TogglePin
 .text.HAL_RCC_OscConfig
                0x08000a80      0x3b0 Drivers/STM32F4xx_HAL_Driver/Src/stm32f4xx_hal_rcc.o
                0x08000a80                HAL_RCC_OscConfig
 .text.HAL_RCC_GetSysClockFreq
                0x08000e30       0x94 Drivers/STM32F4xx_HAL_Driver/Src/stm32f4xx_hal_rcc.o
                0x08000e30                HAL_RCC_GetSysClockFreq
 .text.HAL_RCC_ClockConfig
                0x08000ec4      0x19c Drivers/STM32F4xx_HAL_Driver/Src/stm32f4xx_hal_rcc.o
                0x08000ec4                HAL_RCC_ClockConfig
 .text.HAL_RCC_GetHCLKFreq
                0x08001060        0xc Drivers/STM32F4xx_HAL_Driver/Src/stm32f4xx_hal_rcc.o
                0x08001060                HAL_RCC_GetHCLKFreq
 .text.HAL_RCC_GetPCLK1Freq
                0x0800106c       0x2c Drivers/STM32F4xx_HAL_Driver/Src/stm32f4xx_hal_rcc.o
                0x0800106c                HAL_RCC_GetPCLK1Freq
 .text.HAL_RCC_GetPCLK2Freq
                0x08001098       0x2c Drivers/STM32F4xx_HAL_Driver/Src/stm32f4xx_hal_rcc.o
                0x08001098                HAL_RCC_GetPCLK2Freq
 .text.UART_EndRxTransfer
                0x080010c4       0x1c Drivers/STM32F4xx_HAL_Driver/Src/stm32f4xx_hal_uart.o
 .text.UART_Transmit_IT
                0x080010e0       0x6a Drivers/STM32F4xx_HAL_Driver/Src/stm32f4xx_hal_uart.o
 *fill*         0x0800114a        0x2 
 .text.UART_SetConfig
                0x0800114c      0x344 Drivers/STM32F4xx_HAL_Driver/Src/stm32f4xx_hal_uart.o
 .text.HAL_UART_Init
                0x08001490       0x5e Drivers/STM32F4xx_HAL_Driver/Src/stm32f4xx_hal_uart.o
                0x08001490                HAL_UART_Init
 .text.HAL_UART_Transmit_IT
                0x080014ee       0x48 Drivers/STM32F4xx_HAL_Driver/Src/stm32f4xx_hal_uart.o
                0x080014ee                HAL_UART_Transmit_IT
 .text.HAL_UART_TxCpltCallback
                0x08001536        0x2 Drivers/STM32F4xx_HAL_Driver/Src/stm32f4xx_hal_uart.o
                0x08001536                HAL_UART_TxCpltCallback
 .text.UART_EndTransmit_IT
                0x08001538       0x1a Drivers/STM32F4xx_HAL_Driver/Src/stm32f4xx_hal_uart.o
 .text.HAL_UART_RxCpltCallback
                0x08001552        0x2 Drivers/STM32F4xx_HAL_Driver/Src/stm32f4xx_hal_uart.o
                0x08001552                HAL_UART_RxCpltCallback
 .text.UART_Receive_IT
                0x08001554       0x94 Drivers/STM32F4xx_HAL_Driver/Src/stm32f4xx_hal_uart.o
 .text.HAL_UART_ErrorCallback
                0x080015e8        0x2 Drivers/STM32F4xx_HAL_Driver/Src/stm32f4xx_hal_uart.o
                0x080015e8                HAL_UART_ErrorCallback
 *fill*         0x080015ea        0x2 
 .text.HAL_UART_IRQHandler
                0x080015ec      0x120 Drivers/STM32F4xx_HAL_Driver/Src/stm32f4xx_hal_uart.o
                0x080015ec                HAL_UART_IRQHandler
 .text.UART_DMAAbortOnError
                0x0800170c       0x10 Drivers/STM32F4xx_HAL_Driver/Src/stm32f4xx_hal_uart.o
 .text.makeFreeRtosPriority
                0x0800171c        0xc Middlewares/Third_Party/FreeRTOS/Source/CMSIS_RTOS/cmsis_os.o
 .text.osKernelStart
                0x08001728        0xa Middlewares/Third_Party/FreeRTOS/Source/CMSIS_RTOS/cmsis_os.o
                0x08001728                osKernelStart
 .text.osThreadCreate
                0x08001732       0x34 Middlewares/Third_Party/FreeRTOS/Source/CMSIS_RTOS/cmsis_os.o
                0x08001732                osThreadCreate
 .text.osDelay  0x08001766       0x12 Middlewares/Third_Party/FreeRTOS/Source/CMSIS_RTOS/cmsis_os.o
                0x08001766                osDelay
 .text.osMessageCreate
                0x08001778        0xe Middlewares/Third_Party/FreeRTOS/Source/CMSIS_RTOS/cmsis_os.o
                0x08001778                osMessageCreate
 .text.osSystickHandler
                0x08001786       0x10 Middlewares/Third_Party/FreeRTOS/Source/CMSIS_RTOS/cmsis_os.o
                0x08001786                osSystickHandler
 .text.vListInitialise
                0x08001796       0x16 Middlewares/Third_Party/FreeRTOS/Source/list.o
                0x08001796                vListInitialise
 .text.vListInitialiseItem
                0x080017ac        0x6 Middlewares/Third_Party/FreeRTOS/Source/list.o
                0x080017ac                vListInitialiseItem
 .text.vListInsertEnd
                0x080017b2       0x18 Middlewares/Third_Party/FreeRTOS/Source/list.o
                0x080017b2                vListInsertEnd
 .text.vListInsert
                0x080017ca       0x34 Middlewares/Third_Party/FreeRTOS/Source/list.o
                0x080017ca                vListInsert
 .text.uxListRemove
                0x080017fe       0x26 Middlewares/Third_Party/FreeRTOS/Source/list.o
                0x080017fe                uxListRemove
 .text.prvIsQueueFull
                0x08001824       0x1e Middlewares/Third_Party/FreeRTOS/Source/queue.o
 .text.prvIsQueueEmpty
                0x08001842       0x1a Middlewares/Third_Party/FreeRTOS/Source/queue.o
 .text.prvCopyDataToQueue
                0x0800185c       0x76 Middlewares/Third_Party/FreeRTOS/Source/queue.o
 .text.prvCopyDataFromQueue
                0x080018d2       0x24 Middlewares/Third_Party/FreeRTOS/Source/queue.o
 .text.prvUnlockQueue
                0x080018f6       0x6e Middlewares/Third_Party/FreeRTOS/Source/queue.o
 .text.xQueueGenericReset
                0x08001964       0x80 Middlewares/Third_Party/FreeRTOS/Source/queue.o
                0x08001964                xQueueGenericReset
 .text.prvInitialiseNewQueue
                0x080019e4       0x1c Middlewares/Third_Party/FreeRTOS/Source/queue.o
 .text.xQueueGenericCreate
                0x08001a00       0x48 Middlewares/Third_Party/FreeRTOS/Source/queue.o
                0x08001a00                xQueueGenericCreate
 .text.xQueueGenericSend
                0x08001a48      0x188 Middlewares/Third_Party/FreeRTOS/Source/queue.o
                0x08001a48                xQueueGenericSend
 .text.xQueueGenericReceive
                0x08001bd0      0x1b0 Middlewares/Third_Party/FreeRTOS/Source/queue.o
                0x08001bd0                xQueueGenericReceive
 .text.prvTaskIsTaskSuspended
                0x08001d80       0x4c Middlewares/Third_Party/FreeRTOS/Source/tasks.o
 .text.prvResetNextTaskUnblockTime
                0x08001dcc       0x2c Middlewares/Third_Party/FreeRTOS/Source/tasks.o
 .text.prvDeleteTCB
                0x08001df8       0x12 Middlewares/Third_Party/FreeRTOS/Source/tasks.o
 .text.prvInitialiseNewTask
                0x08001e0a       0x80 Middlewares/Third_Party/FreeRTOS/Source/tasks.o
 *fill*         0x08001e8a        0x2 
 .text.prvInitialiseTaskLists
                0x08001e8c       0x58 Middlewares/Third_Party/FreeRTOS/Source/tasks.o
 .text.prvAddNewTaskToReadyList
                0x08001ee4       0xac Middlewares/Third_Party/FreeRTOS/Source/tasks.o
 .text.prvAddCurrentTaskToDelayedList
                0x08001f90       0x88 Middlewares/Third_Party/FreeRTOS/Source/tasks.o
 .text.xTaskCreate
                0x08002018       0x62 Middlewares/Third_Party/FreeRTOS/Source/tasks.o
                0x08002018                xTaskCreate
 *fill*         0x0800207a        0x2 
 .text.vTaskResume
                0x0800207c       0x88 Middlewares/Third_Party/FreeRTOS/Source/tasks.o
                0x0800207c                vTaskResume
 .text.vTaskStartScheduler
                0x08002104       0x74 Middlewares/Third_Party/FreeRTOS/Source/tasks.o
                0x08002104                vTaskStartScheduler
 .text.vTaskSuspendAll
                0x08002178       0x14 Middlewares/Third_Party/FreeRTOS/Source/tasks.o
                0x08002178                vTaskSuspendAll
 .text.xTaskGetTickCountFromISR
                0x0800218c       0x14 Middlewares/Third_Party/FreeRTOS/Source/tasks.o
                0x0800218c                xTaskGetTickCountFromISR
 .text.xTaskIncrementTick
                0x080021a0      0x114 Middlewares/Third_Party/FreeRTOS/Source/tasks.o
                0x080021a0                xTaskIncrementTick
 .text.xTaskResumeAll
                0x080022b4       0xf4 Middlewares/Third_Party/FreeRTOS/Source/tasks.o
                0x080022b4                xTaskResumeAll
 .text.vTaskDelay
                0x080023a8       0x50 Middlewares/Third_Party/FreeRTOS/Source/tasks.o
                0x080023a8                vTaskDelay
 .text.prvCheckTasksWaitingTermination
                0x080023f8       0x54 Middlewares/Third_Party/FreeRTOS/Source/tasks.o
 .text.prvIdleTask
                0x0800244c       0x28 Middlewares/Third_Party/FreeRTOS/Source/tasks.o
 .text.vTaskSwitchContext
                0x08002474       0x90 Middlewares/Third_Party/FreeRTOS/Source/tasks.o
                0x08002474                vTaskSwitchContext
 .text.vTaskSuspend
                0x08002504       0xd4 Middlewares/Third_Party/FreeRTOS/Source/tasks.o
                0x08002504                vTaskSuspend
 .text.vTaskPlaceOnEventList
                0x080025d8       0x34 Middlewares/Third_Party/FreeRTOS/Source/tasks.o
                0x080025d8                vTaskPlaceOnEventList
 .text.xTaskRemoveFromEventList
                0x0800260c       0x84 Middlewares/Third_Party/FreeRTOS/Source/tasks.o
                0x0800260c                xTaskRemoveFromEventList
 .text.vTaskSetTimeOutState
                0x08002690       0x28 Middlewares/Third_Party/FreeRTOS/Source/tasks.o
                0x08002690                vTaskSetTimeOutState
 .text.xTaskCheckForTimeOut
                0x080026b8       0x80 Middlewares/Third_Party/FreeRTOS/Source/tasks.o
                0x080026b8                xTaskCheckForTimeOut
 .text.vTaskMissedYield
                0x08002738       0x10 Middlewares/Third_Party/FreeRTOS/Source/tasks.o
                0x08002738                vTaskMissedYield
 .text.xTaskGetSchedulerState
                0x08002748       0x20 Middlewares/Third_Party/FreeRTOS/Source/tasks.o
                0x08002748                xTaskGetSchedulerState
 .text.vTaskPriorityInherit
                0x08002768       0xb0 Middlewares/Third_Party/FreeRTOS/Source/tasks.o
                0x08002768                vTaskPriorityInherit
 .text.xTaskPriorityDisinherit
                0x08002818       0xb8 Middlewares/Third_Party/FreeRTOS/Source/tasks.o
                0x08002818                xTaskPriorityDisinherit
 .text.pvTaskIncrementMutexHeldCount
                0x080028d0       0x20 Middlewares/Third_Party/FreeRTOS/Source/tasks.o
                0x080028d0                pvTaskIncrementMutexHeldCount
 .text.prvTaskExitError
                0x080028f0       0x34 Middlewares/Third_Party/FreeRTOS/Source/portable/GCC/ARM_CM4F/port.o
 .text.prvPortStartFirstTask
                0x08002924       0x20 Middlewares/Third_Party/FreeRTOS/Source/portable/GCC/ARM_CM4F/port.o
 .text.vPortEnableVFP
                0x08002944       0x14 Middlewares/Third_Party/FreeRTOS/Source/portable/GCC/ARM_CM4F/port.o
 .text.pxPortInitialiseStack
                0x08002958       0x2c Middlewares/Third_Party/FreeRTOS/Source/portable/GCC/ARM_CM4F/port.o
                0x08002958                pxPortInitialiseStack
 *fill*         0x08002984        0xc 
 .text.SVC_Handler
                0x08002990       0x24 Middlewares/Third_Party/FreeRTOS/Source/portable/GCC/ARM_CM4F/port.o
                0x08002990                SVC_Handler
 .text.vPortEnterCritical
                0x080029b4       0x44 Middlewares/Third_Party/FreeRTOS/Source/portable/GCC/ARM_CM4F/port.o
                0x080029b4                vPortEnterCritical
 .text.vPortExitCritical
                0x080029f8       0x2c Middlewares/Third_Party/FreeRTOS/Source/portable/GCC/ARM_CM4F/port.o
                0x080029f8                vPortExitCritical
 *fill*         0x08002a24        0xc 
 .text.PendSV_Handler
                0x08002a30       0x64 Middlewares/Third_Party/FreeRTOS/Source/portable/GCC/ARM_CM4F/port.o
                0x08002a30                PendSV_Handler
 .text.xPortSysTickHandler
                0x08002a94       0x2c Middlewares/Third_Party/FreeRTOS/Source/portable/GCC/ARM_CM4F/port.o
                0x08002a94                xPortSysTickHandler
 .text.vPortSetupTimerInterrupt
                0x08002ac0       0x2c Middlewares/Third_Party/FreeRTOS/Source/portable/GCC/ARM_CM4F/port.o
                0x08002ac0                vPortSetupTimerInterrupt
 .text.xPortStartScheduler
                0x08002aec       0xe8 Middlewares/Third_Party/FreeRTOS/Source/portable/GCC/ARM_CM4F/port.o
                0x08002aec                xPortStartScheduler
 .text.vPortValidateInterruptPriority
                0x08002bd4       0x58 Middlewares/Third_Party/FreeRTOS/Source/portable/GCC/ARM_CM4F/port.o
                0x08002bd4                vPortValidateInterruptPriority
 .text.prvHeapInit
                0x08002c2c       0x58 Middlewares/Third_Party/FreeRTOS/Source/portable/MemMang/heap_4.o
 .text.prvInsertBlockIntoFreeList
                0x08002c84       0x58 Middlewares/Third_Party/FreeRTOS/Source/portable/MemMang/heap_4.o
 .text.pvPortMalloc
                0x08002cdc      0x10c Middlewares/Third_Party/FreeRTOS/Source/portable/MemMang/heap_4.o
                0x08002cdc                pvPortMalloc
 .text.vPortFree
                0x08002de8       0x70 Middlewares/Third_Party/FreeRTOS/Source/portable/MemMang/heap_4.o
                0x08002de8                vPortFree
 .text.MX_GPIO_Init
                0x08002e58       0x74 Src/main.o
 .text.StartPiscaLed
                0x08002ecc      0x304 Src/main.o
                0x08002ecc                StartPiscaLed
 .text.StartTaskSporadic
                0x080031d0      0x318 Src/main.o
                0x080031d0                StartTaskSporadic
 .text.StartTaskReadSensor
                0x080034e8      0x334 Src/main.o
                0x080034e8                StartTaskReadSensor
 .text.StartControlTask
                0x0800381c      0x324 Src/main.o
                0x0800381c                StartControlTask
 .text.StartTaskGatekeeper
                0x08003b40       0x34 Src/main.o
                0x08003b40                StartTaskGatekeeper
 .text._Error_Handler
                0x08003b74        0x2 Src/main.o
                0x08003b74                _Error_Handler
 *fill*         0x08003b76        0x2 
 .text.MX_UART4_Init
                0x08003b78       0x3c Src/main.o
 .text.MX_ADC1_Init
                0x08003bb4       0x6c Src/main.o
 .text.SystemClock_Config
                0x08003c20       0xa8 Src/main.o
                0x08003c20                SystemClock_Config
 .text.main     0x08003cc8       0xdc Src/main.o
                0x08003cc8                main
 .text.HAL_MspInit
                0x08003da4       0x5e Src/stm32f4xx_hal_msp.o
                0x08003da4                HAL_MspInit
 *fill*         0x08003e02        0x2 
 .text.HAL_ADC_MspInit
                0x08003e04       0x48 Src/stm32f4xx_hal_msp.o
                0x08003e04                HAL_ADC_MspInit
 .text.HAL_UART_MspInit
                0x08003e4c       0x60 Src/stm32f4xx_hal_msp.o
                0x08003e4c                HAL_UART_MspInit
 .text.NMI_Handler
                0x08003eac        0x2 Src/stm32f4xx_it.o
                0x08003eac                NMI_Handler
 .text.HardFault_Handler
                0x08003eae        0x2 Src/stm32f4xx_it.o
                0x08003eae                HardFault_Handler
 .text.MemManage_Handler
                0x08003eb0        0x2 Src/stm32f4xx_it.o
                0x08003eb0                MemManage_Handler
 .text.BusFault_Handler
                0x08003eb2        0x2 Src/stm32f4xx_it.o
                0x08003eb2                BusFault_Handler
 .text.UsageFault_Handler
                0x08003eb4        0x2 Src/stm32f4xx_it.o
                0x08003eb4                UsageFault_Handler
 .text.DebugMon_Handler
                0x08003eb6        0x2 Src/stm32f4xx_it.o
                0x08003eb6                DebugMon_Handler
 .text.SysTick_Handler
                0x08003eb8        0xc Src/stm32f4xx_it.o
                0x08003eb8                SysTick_Handler
 .text.UART4_IRQHandler
                0x08003ec4       0x10 Src/stm32f4xx_it.o
                0x08003ec4                UART4_IRQHandler
 .text.SystemInit
                0x08003ed4       0x4c Src/system_stm32f4xx.o
                0x08003ed4                SystemInit
 .text.Reset_Handler
                0x08003f20       0x50 startup/startup_stm32f407xx.o
                0x08003f20                Reset_Handler
 .text.Default_Handler
                0x08003f70        0x2 startup/startup_stm32f407xx.o
                0x08003f70                RTC_Alarm_IRQHandler
                0x08003f70                HASH_RNG_IRQHandler
                0x08003f70                EXTI2_IRQHandler
                0x08003f70                TIM8_CC_IRQHandler
                0x08003f70                TIM1_CC_IRQHandler
                0x08003f70                DMA2_Stream5_IRQHandler
                0x08003f70                DMA1_Stream5_IRQHandler
                0x08003f70                PVD_IRQHandler
                0x08003f70                SDIO_IRQHandler
                0x08003f70                TAMP_STAMP_IRQHandler
                0x08003f70                CAN2_RX1_IRQHandler
                0x08003f70                EXTI3_IRQHandler
                0x08003f70                TIM8_TRG_COM_TIM14_IRQHandler
                0x08003f70                TIM1_UP_TIM10_IRQHandler
                0x08003f70                TIM8_UP_TIM13_IRQHandler
                0x08003f70                I2C3_ER_IRQHandler
                0x08003f70                EXTI0_IRQHandler
                0x08003f70                I2C2_EV_IRQHandler
                0x08003f70                DMA1_Stream2_IRQHandler
                0x08003f70                CAN1_RX0_IRQHandler
                0x08003f70                FPU_IRQHandler
                0x08003f70                OTG_HS_WKUP_IRQHandler
                0x08003f70                CAN2_SCE_IRQHandler
                0x08003f70                DMA2_Stream2_IRQHandler
                0x08003f70                SPI1_IRQHandler
                0x08003f70                TIM6_DAC_IRQHandler
                0x08003f70                TIM1_BRK_TIM9_IRQHandler
                0x08003f70                DCMI_IRQHandler
                0x08003f70                CAN2_RX0_IRQHandler
                0x08003f70                DMA2_Stream3_IRQHandler
                0x08003f70                USART6_IRQHandler
                0x08003f70                USART3_IRQHandler
                0x08003f70                CAN1_RX1_IRQHandler
                0x08003f70                UART5_IRQHandler
                0x08003f70                DMA2_Stream0_IRQHandler
                0x08003f70                TIM4_IRQHandler
                0x08003f70                I2C1_EV_IRQHandler
                0x08003f70                DMA1_Stream6_IRQHandler
                0x08003f70                DMA1_Stream1_IRQHandler
                0x08003f70                TIM3_IRQHandler
                0x08003f70                RCC_IRQHandler
                0x08003f70                TIM8_BRK_TIM12_IRQHandler
                0x08003f70                Default_Handler
                0x08003f70                EXTI15_10_IRQHandler
                0x08003f70                ADC_IRQHandler
                0x08003f70                DMA1_Stream7_IRQHandler
                0x08003f70                TIM7_IRQHandler
                0x08003f70                CAN2_TX_IRQHandler
                0x08003f70                TIM5_IRQHandler
                0x08003f70                DMA2_Stream7_IRQHandler
                0x08003f70                I2C3_EV_IRQHandler
                0x08003f70                EXTI9_5_IRQHandler
                0x08003f70                RTC_WKUP_IRQHandler
                0x08003f70                ETH_WKUP_IRQHandler
                0x08003f70                SPI2_IRQHandler
                0x08003f70                OTG_HS_EP1_IN_IRQHandler
                0x08003f70                DMA1_Stream0_IRQHandler
                0x08003f70                CAN1_TX_IRQHandler
                0x08003f70                EXTI4_IRQHandler
                0x08003f70                FSMC_IRQHandler
                0x08003f70                ETH_IRQHandler
                0x08003f70                OTG_HS_EP1_OUT_IRQHandler
                0x08003f70                WWDG_IRQHandler
                0x08003f70                TIM2_IRQHandler
                0x08003f70                OTG_FS_WKUP_IRQHandler
                0x08003f70                TIM1_TRG_COM_TIM11_IRQHandler
                0x08003f70                OTG_HS_IRQHandler
                0x08003f70                EXTI1_IRQHandler
                0x08003f70                USART2_IRQHandler
                0x08003f70                I2C2_ER_IRQHandler
                0x08003f70                DMA2_Stream1_IRQHandler
                0x08003f70                CAN1_SCE_IRQHandler
                0x08003f70                FLASH_IRQHandler
                0x08003f70                DMA2_Stream4_IRQHandler
                0x08003f70                USART1_IRQHandler
                0x08003f70                OTG_FS_IRQHandler
                0x08003f70                SPI3_IRQHandler
                0x08003f70                DMA1_Stream4_IRQHandler
                0x08003f70                I2C1_ER_IRQHandler
                0x08003f70                DMA2_Stream6_IRQHandler
                0x08003f70                DMA1_Stream3_IRQHandler
 *fill*         0x08003f72        0x2 
 .text.__libc_init_array
                0x08003f74       0x48 c:/ac6/systemworkbench/plugins/fr.ac6.mcu.externaltools.arm-none.win32_1.15.0.201708311556/tools/compiler/bin/../lib/gcc/arm-none-eabi/6.3.1/../../../../arm-none-eabi/lib/thumb/v7e-m/fpv4-sp/hard\libc_nano.a(lib_a-init.o)
                0x08003f74                __libc_init_array
 .text.memcpy   0x08003fbc       0x16 c:/ac6/systemworkbench/plugins/fr.ac6.mcu.externaltools.arm-none.win32_1.15.0.201708311556/tools/compiler/bin/../lib/gcc/arm-none-eabi/6.3.1/../../../../arm-none-eabi/lib/thumb/v7e-m/fpv4-sp/hard\libc_nano.a(lib_a-memcpy-stub.o)
                0x08003fbc                memcpy
 *(.glue_7)
 .glue_7        0x08003fd2        0x0 linker stubs
 *(.glue_7t)
 .glue_7t       0x08003fd2        0x0 linker stubs
 *(.eh_frame)
 *fill*         0x08003fd2        0x2 
 .eh_frame      0x08003fd4        0x0 c:/ac6/systemworkbench/plugins/fr.ac6.mcu.externaltools.arm-none.win32_1.15.0.201708311556/tools/compiler/bin/../lib/gcc/arm-none-eabi/6.3.1/thumb/v7e-m/fpv4-sp/hard/crtbegin.o
 *(.init)
 .init          0x08003fd4        0x4 c:/ac6/systemworkbench/plugins/fr.ac6.mcu.externaltools.arm-none.win32_1.15.0.201708311556/tools/compiler/bin/../lib/gcc/arm-none-eabi/6.3.1/thumb/v7e-m/fpv4-sp/hard/crti.o
                0x08003fd4                _init
 .init          0x08003fd8        0x8 c:/ac6/systemworkbench/plugins/fr.ac6.mcu.externaltools.arm-none.win32_1.15.0.201708311556/tools/compiler/bin/../lib/gcc/arm-none-eabi/6.3.1/thumb/v7e-m/fpv4-sp/hard/crtn.o
 *(.fini)
 .fini          0x08003fe0        0x4 c:/ac6/systemworkbench/plugins/fr.ac6.mcu.externaltools.arm-none.win32_1.15.0.201708311556/tools/compiler/bin/../lib/gcc/arm-none-eabi/6.3.1/thumb/v7e-m/fpv4-sp/hard/crti.o
                0x08003fe0                _fini
 .fini          0x08003fe4        0x8 c:/ac6/systemworkbench/plugins/fr.ac6.mcu.externaltools.arm-none.win32_1.15.0.201708311556/tools/compiler/bin/../lib/gcc/arm-none-eabi/6.3.1/thumb/v7e-m/fpv4-sp/hard/crtn.o
                0x08003fec                . = ALIGN (0x4)
                0x08003fec                _etext = .

.vfp11_veneer   0x08003fec        0x0
 .vfp11_veneer  0x08003fec        0x0 linker stubs

.v4_bx          0x08003fec        0x0
 .v4_bx         0x08003fec        0x0 linker stubs

.iplt           0x08003fec        0x0
 .iplt          0x08003fec        0x0 c:/ac6/systemworkbench/plugins/fr.ac6.mcu.externaltools.arm-none.win32_1.15.0.201708311556/tools/compiler/bin/../lib/gcc/arm-none-eabi/6.3.1/thumb/v7e-m/fpv4-sp/hard/crtbegin.o

.rodata         0x08003fec       0xdc
                0x08003fec                . = ALIGN (0x4)
 *(.rodata)
 .rodata        0x08003fec       0x6c Src/main.o
 .rodata        0x08004058       0x18 Src/system_stm32f4xx.o
                0x08004058                AHBPrescTable
                0x08004068                APBPrescTable
 *(.rodata*)
 .rodata.str1.4
                0x08004070        0x5 Middlewares/Third_Party/FreeRTOS/Source/tasks.o
 *fill*         0x08004075        0x3 
 .rodata.str1.4
                0x08004078       0x50 Src/main.o
                                 0x4d (size before relaxing)
                0x080040c8                . = ALIGN (0x4)

.rel.dyn        0x080040c8        0x0
 .rel.iplt      0x080040c8        0x0 c:/ac6/systemworkbench/plugins/fr.ac6.mcu.externaltools.arm-none.win32_1.15.0.201708311556/tools/compiler/bin/../lib/gcc/arm-none-eabi/6.3.1/thumb/v7e-m/fpv4-sp/hard/crtbegin.o

.ARM.extab
 *(.ARM.extab* .gnu.linkonce.armextab.*)

.ARM            0x080040c8        0x0
                0x080040c8                __exidx_start = .
 *(.ARM.exidx*)
                0x080040c8                __exidx_end = .

.preinit_array  0x080040c8        0x0
                0x080040c8                PROVIDE (__preinit_array_start, .)
 *(.preinit_array*)
                0x080040c8                PROVIDE (__preinit_array_end, .)

.init_array     0x080040c8        0x4
                0x080040c8                PROVIDE (__init_array_start, .)
 *(SORT(.init_array.*))
 *(.init_array*)
 .init_array    0x080040c8        0x4 c:/ac6/systemworkbench/plugins/fr.ac6.mcu.externaltools.arm-none.win32_1.15.0.201708311556/tools/compiler/bin/../lib/gcc/arm-none-eabi/6.3.1/thumb/v7e-m/fpv4-sp/hard/crtbegin.o
                0x080040cc                PROVIDE (__init_array_end, .)

.fini_array     0x080040cc        0x4
                [!provide]                PROVIDE (__fini_array_start, .)
 *(SORT(.fini_array.*))
 *(.fini_array*)
 .fini_array    0x080040cc        0x4 c:/ac6/systemworkbench/plugins/fr.ac6.mcu.externaltools.arm-none.win32_1.15.0.201708311556/tools/compiler/bin/../lib/gcc/arm-none-eabi/6.3.1/thumb/v7e-m/fpv4-sp/hard/crtbegin.o
                [!provide]                PROVIDE (__fini_array_end, .)
                0x080040d0                _sidata = LOADADDR (.data)

.data           0x20000000        0x8 load address 0x080040d0
                0x20000000                . = ALIGN (0x4)
                0x20000000                _sdata = .
 *(.data)
 .data          0x20000000        0x4 Middlewares/Third_Party/FreeRTOS/Source/portable/GCC/ARM_CM4F/port.o
 .data          0x20000004        0x4 Src/system_stm32f4xx.o
                0x20000004                SystemCoreClock
 *(.data*)
                0x20000008                . = ALIGN (0x4)
                0x20000008                _edata = .
                0x080040d8                _siccmram = LOADADDR (.ccmram)

.jcr            0x20000008        0x0 load address 0x080040d8
 .jcr           0x20000008        0x0 c:/ac6/systemworkbench/plugins/fr.ac6.mcu.externaltools.arm-none.win32_1.15.0.201708311556/tools/compiler/bin/../lib/gcc/arm-none-eabi/6.3.1/thumb/v7e-m/fpv4-sp/hard/crtbegin.o

.igot.plt       0x20000008        0x0 load address 0x080040d8
 .igot.plt      0x20000008        0x0 c:/ac6/systemworkbench/plugins/fr.ac6.mcu.externaltools.arm-none.win32_1.15.0.201708311556/tools/compiler/bin/../lib/gcc/arm-none-eabi/6.3.1/thumb/v7e-m/fpv4-sp/hard/crtbegin.o

.ccmram         0x10000000        0x0 load address 0x080040d8
                0x10000000                . = ALIGN (0x4)
                0x10000000                _sccmram = .
 *(.ccmram)
 *(.ccmram*)
                0x10000000                . = ALIGN (0x4)
                0x10000000                _eccmram = .
                0x10000000                . = ALIGN (0x4)

.bss            0x20000008     0x3e14
                0x20000008                _sbss = .
                0x20000008                __bss_start__ = _sbss
 *(.bss)
 .bss           0x20000008       0x1c c:/ac6/systemworkbench/plugins/fr.ac6.mcu.externaltools.arm-none.win32_1.15.0.201708311556/tools/compiler/bin/../lib/gcc/arm-none-eabi/6.3.1/thumb/v7e-m/fpv4-sp/hard/crtbegin.o
 .bss           0x20000024      0x12c Middlewares/Third_Party/FreeRTOS/Source/tasks.o
                0x20000124                pxCurrentTCB
 .bss           0x20000150        0x8 Middlewares/Third_Party/FreeRTOS/Source/portable/GCC/ARM_CM4F/port.o
 .bss           0x20000158     0x3c18 Middlewares/Third_Party/FreeRTOS/Source/portable/MemMang/heap_4.o
 *(.bss*)
 *(COMMON)
 COMMON         0x20003d70        0x4 Drivers/STM32F4xx_HAL_Driver/Src/stm32f4xx_hal.o
                0x20003d70                uwTick
 COMMON         0x20003d74       0xa8 Src/main.o
                0x20003d74                taskSporadicHandle
                0x20003d78                adcValuePPM
                0x20003d7c                hadc1
                0x20003dc4                myQueueHandle
                0x20003dc8                huart4
                0x20003e08                readSensorHandle
                0x20003e0c                piscaLedHandle
                0x20003e10                adcValue
                0x20003e14                taskControlHandle
                0x20003e18                gateKeeperHandle
                0x20003e1c                . = ALIGN (0x4)
                0x20003e1c                _ebss = .
                0x20003e1c                __bss_end__ = _ebss

._user_heap_stack
                0x20003e1c      0x604
                0x20003e20                . = ALIGN (0x8)
 *fill*         0x20003e1c        0x4 
                [!provide]                PROVIDE (end, .)
                [!provide]                PROVIDE (_end, .)
                0x20004020                . = (. + _Min_Heap_Size)
 *fill*         0x20003e20      0x200 
                0x20004420                . = (. + _Min_Stack_Size)
 *fill*         0x20004020      0x400 
                0x20004420                . = ALIGN (0x8)

/DISCARD/
 libc.a(*)
 libm.a(*)
 libgcc.a(*)

.ARM.attributes
                0x00000000       0x30
 *(.ARM.attributes)
 .ARM.attributes
                0x00000000       0x22 c:/ac6/systemworkbench/plugins/fr.ac6.mcu.externaltools.arm-none.win32_1.15.0.201708311556/tools/compiler/bin/../lib/gcc/arm-none-eabi/6.3.1/thumb/v7e-m/fpv4-sp/hard/crti.o
 .ARM.attributes
                0x00000022       0x34 c:/ac6/systemworkbench/plugins/fr.ac6.mcu.externaltools.arm-none.win32_1.15.0.201708311556/tools/compiler/bin/../lib/gcc/arm-none-eabi/6.3.1/thumb/v7e-m/fpv4-sp/hard/crtbegin.o
 .ARM.attributes
                0x00000056       0x39 Drivers/STM32F4xx_HAL_Driver/Src/stm32f4xx_hal.o
 .ARM.attributes
                0x0000008f       0x39 Drivers/STM32F4xx_HAL_Driver/Src/stm32f4xx_hal_adc.o
 .ARM.attributes
                0x000000c8       0x39 Drivers/STM32F4xx_HAL_Driver/Src/stm32f4xx_hal_cortex.o
 .ARM.attributes
                0x00000101       0x39 Drivers/STM32F4xx_HAL_Driver/Src/stm32f4xx_hal_dma.o
 .ARM.attributes
                0x0000013a       0x39 Drivers/STM32F4xx_HAL_Driver/Src/stm32f4xx_hal_gpio.o
 .ARM.attributes
                0x00000173       0x39 Drivers/STM32F4xx_HAL_Driver/Src/stm32f4xx_hal_rcc.o
 .ARM.attributes
                0x000001ac       0x39 Drivers/STM32F4xx_HAL_Driver/Src/stm32f4xx_hal_uart.o
 .ARM.attributes
                0x000001e5       0x39 Middlewares/Third_Party/FreeRTOS/Source/CMSIS_RTOS/cmsis_os.o
 .ARM.attributes
                0x0000021e       0x39 Middlewares/Third_Party/FreeRTOS/Source/list.o
 .ARM.attributes
                0x00000257       0x39 Middlewares/Third_Party/FreeRTOS/Source/queue.o
 .ARM.attributes
                0x00000290       0x39 Middlewares/Third_Party/FreeRTOS/Source/tasks.o
 .ARM.attributes
                0x000002c9       0x39 Middlewares/Third_Party/FreeRTOS/Source/portable/GCC/ARM_CM4F/port.o
 .ARM.attributes
                0x00000302       0x39 Middlewares/Third_Party/FreeRTOS/Source/portable/MemMang/heap_4.o
 .ARM.attributes
                0x0000033b       0x39 Src/main.o
 .ARM.attributes
                0x00000374       0x39 Src/stm32f4xx_hal_msp.o
 .ARM.attributes
                0x000003ad       0x39 Src/stm32f4xx_it.o
 .ARM.attributes
                0x000003e6       0x39 Src/system_stm32f4xx.o
 .ARM.attributes
                0x0000041f       0x21 startup/startup_stm32f407xx.o
 .ARM.attributes
                0x00000440       0x34 c:/ac6/systemworkbench/plugins/fr.ac6.mcu.externaltools.arm-none.win32_1.15.0.201708311556/tools/compiler/bin/../lib/gcc/arm-none-eabi/6.3.1/../../../../arm-none-eabi/lib/thumb/v7e-m/fpv4-sp/hard\libc_nano.a(lib_a-init.o)
 .ARM.attributes
                0x00000474       0x34 c:/ac6/systemworkbench/plugins/fr.ac6.mcu.externaltools.arm-none.win32_1.15.0.201708311556/tools/compiler/bin/../lib/gcc/arm-none-eabi/6.3.1/../../../../arm-none-eabi/lib/thumb/v7e-m/fpv4-sp/hard\libc_nano.a(lib_a-memcpy-stub.o)
 .ARM.attributes
                0x000004a8       0x22 c:/ac6/systemworkbench/plugins/fr.ac6.mcu.externaltools.arm-none.win32_1.15.0.201708311556/tools/compiler/bin/../lib/gcc/arm-none-eabi/6.3.1/thumb/v7e-m/fpv4-sp/hard/crtn.o
OUTPUT(ProjetoFinal.elf elf32-littlearm)

.debug_info     0x00000000    0x1749e
 .debug_info    0x00000000     0x119e Drivers/STM32F4xx_HAL_Driver/Src/stm32f4xx_hal.o
 .debug_info    0x0000119e     0x162d Drivers/STM32F4xx_HAL_Driver/Src/stm32f4xx_hal_adc.o
 .debug_info    0x000027cb     0x175a Drivers/STM32F4xx_HAL_Driver/Src/stm32f4xx_hal_cortex.o
 .debug_info    0x00003f25     0x127c Drivers/STM32F4xx_HAL_Driver/Src/stm32f4xx_hal_dma.o
 .debug_info    0x000051a1      0xf97 Drivers/STM32F4xx_HAL_Driver/Src/stm32f4xx_hal_gpio.o
 .debug_info    0x00006138     0x1500 Drivers/STM32F4xx_HAL_Driver/Src/stm32f4xx_hal_rcc.o
 .debug_info    0x00007638     0x1f1d Drivers/STM32F4xx_HAL_Driver/Src/stm32f4xx_hal_uart.o
 .debug_info    0x00009555     0x2348 Middlewares/Third_Party/FreeRTOS/Source/CMSIS_RTOS/cmsis_os.o
 .debug_info    0x0000b89d      0xad4 Middlewares/Third_Party/FreeRTOS/Source/list.o
 .debug_info    0x0000c371     0x1fe3 Middlewares/Third_Party/FreeRTOS/Source/queue.o
 .debug_info    0x0000e354     0x2a2e Middlewares/Third_Party/FreeRTOS/Source/tasks.o
 .debug_info    0x00010d82      0x534 Middlewares/Third_Party/FreeRTOS/Source/portable/GCC/ARM_CM4F/port.o
 .debug_info    0x000112b6      0xc78 Middlewares/Third_Party/FreeRTOS/Source/portable/MemMang/heap_4.o
 .debug_info    0x00011f2e     0x21fe Src/main.o
 .debug_info    0x0001412c     0x174a Src/stm32f4xx_hal_msp.o
 .debug_info    0x00015876      0xe79 Src/stm32f4xx_it.o
 .debug_info    0x000166ef      0xd30 Src/system_stm32f4xx.o
 .debug_info    0x0001741f       0x7f startup/startup_stm32f407xx.o

.debug_abbrev   0x00000000     0x32ca
 .debug_abbrev  0x00000000      0x347 Drivers/STM32F4xx_HAL_Driver/Src/stm32f4xx_hal.o
 .debug_abbrev  0x00000347      0x32f Drivers/STM32F4xx_HAL_Driver/Src/stm32f4xx_hal_adc.o
 .debug_abbrev  0x00000676      0x3d4 Drivers/STM32F4xx_HAL_Driver/Src/stm32f4xx_hal_cortex.o
 .debug_abbrev  0x00000a4a      0x328 Drivers/STM32F4xx_HAL_Driver/Src/stm32f4xx_hal_dma.o
 .debug_abbrev  0x00000d72      0x2a5 Drivers/STM32F4xx_HAL_Driver/Src/stm32f4xx_hal_gpio.o
 .debug_abbrev  0x00001017      0x370 Drivers/STM32F4xx_HAL_Driver/Src/stm32f4xx_hal_rcc.o
 .debug_abbrev  0x00001387      0x342 Drivers/STM32F4xx_HAL_Driver/Src/stm32f4xx_hal_uart.o
 .debug_abbrev  0x000016c9      0x3d0 Middlewares/Third_Party/FreeRTOS/Source/CMSIS_RTOS/cmsis_os.o
 .debug_abbrev  0x00001a99      0x21c Middlewares/Third_Party/FreeRTOS/Source/list.o
 .debug_abbrev  0x00001cb5      0x37f Middlewares/Third_Party/FreeRTOS/Source/queue.o
 .debug_abbrev  0x00002034      0x3cd Middlewares/Third_Party/FreeRTOS/Source/tasks.o
 .debug_abbrev  0x00002401      0x205 Middlewares/Third_Party/FreeRTOS/Source/portable/GCC/ARM_CM4F/port.o
 .debug_abbrev  0x00002606      0x318 Middlewares/Third_Party/FreeRTOS/Source/portable/MemMang/heap_4.o
 .debug_abbrev  0x0000291e      0x324 Src/main.o
 .debug_abbrev  0x00002c42      0x252 Src/stm32f4xx_hal_msp.o
 .debug_abbrev  0x00002e94      0x21f Src/stm32f4xx_it.o
 .debug_abbrev  0x000030b3      0x205 Src/system_stm32f4xx.o
 .debug_abbrev  0x000032b8       0x12 startup/startup_stm32f407xx.o

.debug_loc      0x00000000     0x8ac6
 .debug_loc     0x00000000       0x91 Drivers/STM32F4xx_HAL_Driver/Src/stm32f4xx_hal.o
 .debug_loc     0x00000091      0x974 Drivers/STM32F4xx_HAL_Driver/Src/stm32f4xx_hal_adc.o
 .debug_loc     0x00000a05      0x5ce Drivers/STM32F4xx_HAL_Driver/Src/stm32f4xx_hal_cortex.o
 .debug_loc     0x00000fd3      0xafd Drivers/STM32F4xx_HAL_Driver/Src/stm32f4xx_hal_dma.o
 .debug_loc     0x00001ad0      0x3fd Drivers/STM32F4xx_HAL_Driver/Src/stm32f4xx_hal_gpio.o
 .debug_loc     0x00001ecd      0x53b Drivers/STM32F4xx_HAL_Driver/Src/stm32f4xx_hal_rcc.o
 .debug_loc     0x00002408     0x1532 Drivers/STM32F4xx_HAL_Driver/Src/stm32f4xx_hal_uart.o
 .debug_loc     0x0000393a     0x1024 Middlewares/Third_Party/FreeRTOS/Source/CMSIS_RTOS/cmsis_os.o
 .debug_loc     0x0000495e       0x70 Middlewares/Third_Party/FreeRTOS/Source/list.o
 .debug_loc     0x000049ce      0xea6 Middlewares/Third_Party/FreeRTOS/Source/queue.o
 .debug_loc     0x00005874     0x158c Middlewares/Third_Party/FreeRTOS/Source/tasks.o
 .debug_loc     0x00006e00      0x104 Middlewares/Third_Party/FreeRTOS/Source/portable/GCC/ARM_CM4F/port.o
 .debug_loc     0x00006f04      0x291 Middlewares/Third_Party/FreeRTOS/Source/portable/MemMang/heap_4.o
 .debug_loc     0x00007195     0x173d Src/main.o
 .debug_loc     0x000088d2       0xb6 Src/stm32f4xx_hal_msp.o
 .debug_loc     0x00008988      0x13e Src/system_stm32f4xx.o

.debug_aranges  0x00000000      0xc58
 .debug_aranges
                0x00000000       0xc8 Drivers/STM32F4xx_HAL_Driver/Src/stm32f4xx_hal.o
 .debug_aranges
                0x000000c8       0xe8 Drivers/STM32F4xx_HAL_Driver/Src/stm32f4xx_hal_adc.o
 .debug_aranges
                0x000001b0       0xa8 Drivers/STM32F4xx_HAL_Driver/Src/stm32f4xx_hal_cortex.o
 .debug_aranges
                0x00000258       0x90 Drivers/STM32F4xx_HAL_Driver/Src/stm32f4xx_hal_dma.o
 .debug_aranges
                0x000002e8       0x58 Drivers/STM32F4xx_HAL_Driver/Src/stm32f4xx_hal_gpio.o
 .debug_aranges
                0x00000340       0x88 Drivers/STM32F4xx_HAL_Driver/Src/stm32f4xx_hal_rcc.o
 .debug_aranges
                0x000003c8      0x1d0 Drivers/STM32F4xx_HAL_Driver/Src/stm32f4xx_hal_uart.o
 .debug_aranges
                0x00000598      0x1d8 Middlewares/Third_Party/FreeRTOS/Source/CMSIS_RTOS/cmsis_os.o
 .debug_aranges
                0x00000770       0x40 Middlewares/Third_Party/FreeRTOS/Source/list.o
 .debug_aranges
                0x000007b0       0xe8 Middlewares/Third_Party/FreeRTOS/Source/queue.o
 .debug_aranges
                0x00000898      0x198 Middlewares/Third_Party/FreeRTOS/Source/tasks.o
 .debug_aranges
                0x00000a30       0x80 Middlewares/Third_Party/FreeRTOS/Source/portable/GCC/ARM_CM4F/port.o
 .debug_aranges
                0x00000ab0       0x50 Middlewares/Third_Party/FreeRTOS/Source/portable/MemMang/heap_4.o
 .debug_aranges
                0x00000b00       0x70 Src/main.o
 .debug_aranges
                0x00000b70       0x40 Src/stm32f4xx_hal_msp.o
 .debug_aranges
                0x00000bb0       0x58 Src/stm32f4xx_it.o
 .debug_aranges
                0x00000c08       0x28 Src/system_stm32f4xx.o
 .debug_aranges
                0x00000c30       0x28 startup/startup_stm32f407xx.o

.debug_ranges   0x00000000      0xd18
 .debug_ranges  0x00000000       0xb8 Drivers/STM32F4xx_HAL_Driver/Src/stm32f4xx_hal.o
 .debug_ranges  0x000000b8       0xd8 Drivers/STM32F4xx_HAL_Driver/Src/stm32f4xx_hal_adc.o
 .debug_ranges  0x00000190       0xf8 Drivers/STM32F4xx_HAL_Driver/Src/stm32f4xx_hal_cortex.o
 .debug_ranges  0x00000288       0x80 Drivers/STM32F4xx_HAL_Driver/Src/stm32f4xx_hal_dma.o
 .debug_ranges  0x00000308       0x48 Drivers/STM32F4xx_HAL_Driver/Src/stm32f4xx_hal_gpio.o
 .debug_ranges  0x00000350       0x78 Drivers/STM32F4xx_HAL_Driver/Src/stm32f4xx_hal_rcc.o
 .debug_ranges  0x000003c8      0x1c0 Drivers/STM32F4xx_HAL_Driver/Src/stm32f4xx_hal_uart.o
 .debug_ranges  0x00000588      0x1c8 Middlewares/Third_Party/FreeRTOS/Source/CMSIS_RTOS/cmsis_os.o
 .debug_ranges  0x00000750       0x30 Middlewares/Third_Party/FreeRTOS/Source/list.o
 .debug_ranges  0x00000780      0x188 Middlewares/Third_Party/FreeRTOS/Source/queue.o
 .debug_ranges  0x00000908      0x238 Middlewares/Third_Party/FreeRTOS/Source/tasks.o
 .debug_ranges  0x00000b40       0x88 Middlewares/Third_Party/FreeRTOS/Source/portable/GCC/ARM_CM4F/port.o
 .debug_ranges  0x00000bc8       0x40 Middlewares/Third_Party/FreeRTOS/Source/portable/MemMang/heap_4.o
 .debug_ranges  0x00000c08       0x60 Src/main.o
 .debug_ranges  0x00000c68       0x30 Src/stm32f4xx_hal_msp.o
 .debug_ranges  0x00000c98       0x48 Src/stm32f4xx_it.o
 .debug_ranges  0x00000ce0       0x18 Src/system_stm32f4xx.o
 .debug_ranges  0x00000cf8       0x20 startup/startup_stm32f407xx.o

.debug_macro    0x00000000    0x226e2
 .debug_macro   0x00000000      0x379 Drivers/STM32F4xx_HAL_Driver/Src/stm32f4xx_hal.o
 .debug_macro   0x00000379      0x8bc Drivers/STM32F4xx_HAL_Driver/Src/stm32f4xx_hal.o
 .debug_macro   0x00000c35       0x10 Drivers/STM32F4xx_HAL_Driver/Src/stm32f4xx_hal.o
 .debug_macro   0x00000c45      0x180 Drivers/STM32F4xx_HAL_Driver/Src/stm32f4xx_hal.o
 .debug_macro   0x00000dc5       0x33 Drivers/STM32F4xx_HAL_Driver/Src/stm32f4xx_hal.o
 .debug_macro   0x00000df8       0x28 Drivers/STM32F4xx_HAL_Driver/Src/stm32f4xx_hal.o
 .debug_macro   0x00000e20       0x22 Drivers/STM32F4xx_HAL_Driver/Src/stm32f4xx_hal.o
 .debug_macro   0x00000e42       0x87 Drivers/STM32F4xx_HAL_Driver/Src/stm32f4xx_hal.o
 .debug_macro   0x00000ec9       0x51 Drivers/STM32F4xx_HAL_Driver/Src/stm32f4xx_hal.o
 .debug_macro   0x00000f1a       0xef Drivers/STM32F4xx_HAL_Driver/Src/stm32f4xx_hal.o
 .debug_macro   0x00001009       0x6a Drivers/STM32F4xx_HAL_Driver/Src/stm32f4xx_hal.o
 .debug_macro   0x00001073      0x1df Drivers/STM32F4xx_HAL_Driver/Src/stm32f4xx_hal.o
 .debug_macro   0x00001252       0x35 Drivers/STM32F4xx_HAL_Driver/Src/stm32f4xx_hal.o
 .debug_macro   0x00001287       0x50 Drivers/STM32F4xx_HAL_Driver/Src/stm32f4xx_hal.o
 .debug_macro   0x000012d7      0xe66 Drivers/STM32F4xx_HAL_Driver/Src/stm32f4xx_hal.o
 .debug_macro   0x0000213d    0x15e04 Drivers/STM32F4xx_HAL_Driver/Src/stm32f4xx_hal.o
 .debug_macro   0x00017f41       0x43 Drivers/STM32F4xx_HAL_Driver/Src/stm32f4xx_hal.o
 .debug_macro   0x00017f84     0x3574 Drivers/STM32F4xx_HAL_Driver/Src/stm32f4xx_hal.o
 .debug_macro   0x0001b4f8       0x58 Drivers/STM32F4xx_HAL_Driver/Src/stm32f4xx_hal.o
 .debug_macro   0x0001b550       0x35 Drivers/STM32F4xx_HAL_Driver/Src/stm32f4xx_hal.o
 .debug_macro   0x0001b585       0x9c Drivers/STM32F4xx_HAL_Driver/Src/stm32f4xx_hal.o
 .debug_macro   0x0001b621       0x16 Drivers/STM32F4xx_HAL_Driver/Src/stm32f4xx_hal.o
 .debug_macro   0x0001b637       0x97 Drivers/STM32F4xx_HAL_Driver/Src/stm32f4xx_hal.o
 .debug_macro   0x0001b6ce      0x330 Drivers/STM32F4xx_HAL_Driver/Src/stm32f4xx_hal.o
 .debug_macro   0x0001b9fe       0xfd Drivers/STM32F4xx_HAL_Driver/Src/stm32f4xx_hal.o
 .debug_macro   0x0001bafb       0x10 Drivers/STM32F4xx_HAL_Driver/Src/stm32f4xx_hal.o
 .debug_macro   0x0001bb0b       0x58 Drivers/STM32F4xx_HAL_Driver/Src/stm32f4xx_hal.o
 .debug_macro   0x0001bb63       0x1f Drivers/STM32F4xx_HAL_Driver/Src/stm32f4xx_hal.o
 .debug_macro   0x0001bb82       0x43 Drivers/STM32F4xx_HAL_Driver/Src/stm32f4xx_hal.o
 .debug_macro   0x0001bbc5       0x20 Drivers/STM32F4xx_HAL_Driver/Src/stm32f4xx_hal.o
 .debug_macro   0x0001bbe5      0x187 Drivers/STM32F4xx_HAL_Driver/Src/stm32f4xx_hal.o
 .debug_macro   0x0001bd6c       0x10 Drivers/STM32F4xx_HAL_Driver/Src/stm32f4xx_hal.o
 .debug_macro   0x0001bd7c       0x1c Drivers/STM32F4xx_HAL_Driver/Src/stm32f4xx_hal.o
 .debug_macro   0x0001bd98       0x52 Drivers/STM32F4xx_HAL_Driver/Src/stm32f4xx_hal.o
 .debug_macro   0x0001bdea       0x40 Drivers/STM32F4xx_HAL_Driver/Src/stm32f4xx_hal.o
 .debug_macro   0x0001be2a       0x10 Drivers/STM32F4xx_HAL_Driver/Src/stm32f4xx_hal.o
 .debug_macro   0x0001be3a       0x40 Drivers/STM32F4xx_HAL_Driver/Src/stm32f4xx_hal.o
 .debug_macro   0x0001be7a       0xd7 Drivers/STM32F4xx_HAL_Driver/Src/stm32f4xx_hal.o
 .debug_macro   0x0001bf51       0x16 Drivers/STM32F4xx_HAL_Driver/Src/stm32f4xx_hal.o
 .debug_macro   0x0001bf67      0x18b Drivers/STM32F4xx_HAL_Driver/Src/stm32f4xx_hal.o
 .debug_macro   0x0001c0f2       0x50 Drivers/STM32F4xx_HAL_Driver/Src/stm32f4xx_hal.o
 .debug_macro   0x0001c142      0x96b Drivers/STM32F4xx_HAL_Driver/Src/stm32f4xx_hal.o
 .debug_macro   0x0001caad      0x9e1 Drivers/STM32F4xx_HAL_Driver/Src/stm32f4xx_hal.o
 .debug_macro   0x0001d48e      0x11e Drivers/STM32F4xx_HAL_Driver/Src/stm32f4xx_hal.o
 .debug_macro   0x0001d5ac      0x13e Drivers/STM32F4xx_HAL_Driver/Src/stm32f4xx_hal.o
 .debug_macro   0x0001d6ea       0x27 Drivers/STM32F4xx_HAL_Driver/Src/stm32f4xx_hal.o
 .debug_macro   0x0001d711      0x287 Drivers/STM32F4xx_HAL_Driver/Src/stm32f4xx_hal.o
 .debug_macro   0x0001d998       0x5f Drivers/STM32F4xx_HAL_Driver/Src/stm32f4xx_hal.o
 .debug_macro   0x0001d9f7      0x23a Drivers/STM32F4xx_HAL_Driver/Src/stm32f4xx_hal.o
 .debug_macro   0x0001dc31      0x391 Drivers/STM32F4xx_HAL_Driver/Src/stm32f4xx_hal.o
 .debug_macro   0x0001dfc2      0x176 Drivers/STM32F4xx_HAL_Driver/Src/stm32f4xx_hal.o
 .debug_macro   0x0001e138       0xf9 Drivers/STM32F4xx_HAL_Driver/Src/stm32f4xx_hal.o
 .debug_macro   0x0001e231      0x133 Drivers/STM32F4xx_HAL_Driver/Src/stm32f4xx_hal.o
 .debug_macro   0x0001e364      0x21e Drivers/STM32F4xx_HAL_Driver/Src/stm32f4xx_hal.o
 .debug_macro   0x0001e582       0x2e Drivers/STM32F4xx_HAL_Driver/Src/stm32f4xx_hal.o
 .debug_macro   0x0001e5b0      0x11e Drivers/STM32F4xx_HAL_Driver/Src/stm32f4xx_hal.o
 .debug_macro   0x0001e6ce       0x7f Drivers/STM32F4xx_HAL_Driver/Src/stm32f4xx_hal.o
 .debug_macro   0x0001e74d       0x89 Drivers/STM32F4xx_HAL_Driver/Src/stm32f4xx_hal.o
 .debug_macro   0x0001e7d6      0x287 Drivers/STM32F4xx_HAL_Driver/Src/stm32f4xx_hal.o
 .debug_macro   0x0001ea5d      0x125 Drivers/STM32F4xx_HAL_Driver/Src/stm32f4xx_hal.o
 .debug_macro   0x0001eb82      0x31a Drivers/STM32F4xx_HAL_Driver/Src/stm32f4xx_hal_adc.o
 .debug_macro   0x0001ee9c      0x319 Drivers/STM32F4xx_HAL_Driver/Src/stm32f4xx_hal_cortex.o
 .debug_macro   0x0001f1b5      0x320 Drivers/STM32F4xx_HAL_Driver/Src/stm32f4xx_hal_dma.o
 .debug_macro   0x0001f4d5      0x351 Drivers/STM32F4xx_HAL_Driver/Src/stm32f4xx_hal_gpio.o
 .debug_macro   0x0001f826      0x343 Drivers/STM32F4xx_HAL_Driver/Src/stm32f4xx_hal_rcc.o
 .debug_macro   0x0001fb69      0x31a Drivers/STM32F4xx_HAL_Driver/Src/stm32f4xx_hal_uart.o
 .debug_macro   0x0001fe83      0x1f3 Middlewares/Third_Party/FreeRTOS/Source/CMSIS_RTOS/cmsis_os.o
 .debug_macro   0x00020076       0x52 Middlewares/Third_Party/FreeRTOS/Source/CMSIS_RTOS/cmsis_os.o
 .debug_macro   0x000200c8       0x8d Middlewares/Third_Party/FreeRTOS/Source/CMSIS_RTOS/cmsis_os.o
 .debug_macro   0x00020155      0x174 Middlewares/Third_Party/FreeRTOS/Source/CMSIS_RTOS/cmsis_os.o
 .debug_macro   0x000202c9       0x57 Middlewares/Third_Party/FreeRTOS/Source/CMSIS_RTOS/cmsis_os.o
 .debug_macro   0x00020320       0x10 Middlewares/Third_Party/FreeRTOS/Source/CMSIS_RTOS/cmsis_os.o
 .debug_macro   0x00020330       0x35 Middlewares/Third_Party/FreeRTOS/Source/CMSIS_RTOS/cmsis_os.o
 .debug_macro   0x00020365       0xd8 Middlewares/Third_Party/FreeRTOS/Source/CMSIS_RTOS/cmsis_os.o
 .debug_macro   0x0002043d      0x168 Middlewares/Third_Party/FreeRTOS/Source/CMSIS_RTOS/cmsis_os.o
 .debug_macro   0x000205a5       0xe4 Middlewares/Third_Party/FreeRTOS/Source/CMSIS_RTOS/cmsis_os.o
 .debug_macro   0x00020689       0x10 Middlewares/Third_Party/FreeRTOS/Source/CMSIS_RTOS/cmsis_os.o
 .debug_macro   0x00020699       0x1f Middlewares/Third_Party/FreeRTOS/Source/CMSIS_RTOS/cmsis_os.o
 .debug_macro   0x000206b8      0x408 Middlewares/Third_Party/FreeRTOS/Source/CMSIS_RTOS/cmsis_os.o
 .debug_macro   0x00020ac0       0xc0 Middlewares/Third_Party/FreeRTOS/Source/CMSIS_RTOS/cmsis_os.o
 .debug_macro   0x00020b80       0x8c Middlewares/Third_Party/FreeRTOS/Source/CMSIS_RTOS/cmsis_os.o
 .debug_macro   0x00020c0c       0x91 Middlewares/Third_Party/FreeRTOS/Source/CMSIS_RTOS/cmsis_os.o
 .debug_macro   0x00020c9d       0x94 Middlewares/Third_Party/FreeRTOS/Source/CMSIS_RTOS/cmsis_os.o
 .debug_macro   0x00020d31       0x63 Middlewares/Third_Party/FreeRTOS/Source/CMSIS_RTOS/cmsis_os.o
 .debug_macro   0x00020d94       0x19 Middlewares/Third_Party/FreeRTOS/Source/CMSIS_RTOS/cmsis_os.o
 .debug_macro   0x00020dad       0xcf Middlewares/Third_Party/FreeRTOS/Source/CMSIS_RTOS/cmsis_os.o
 .debug_macro   0x00020e7c       0x26 Middlewares/Third_Party/FreeRTOS/Source/CMSIS_RTOS/cmsis_os.o
 .debug_macro   0x00020ea2      0x18b Middlewares/Third_Party/FreeRTOS/Source/list.o
 .debug_macro   0x0002102d      0x207 Middlewares/Third_Party/FreeRTOS/Source/queue.o
 .debug_macro   0x00021234       0x16 Middlewares/Third_Party/FreeRTOS/Source/queue.o
 .debug_macro   0x0002124a      0x26a Middlewares/Third_Party/FreeRTOS/Source/tasks.o
 .debug_macro   0x000214b4       0x11 Middlewares/Third_Party/FreeRTOS/Source/tasks.o
 .debug_macro   0x000214c5      0x1ad Middlewares/Third_Party/FreeRTOS/Source/portable/GCC/ARM_CM4F/port.o
 .debug_macro   0x00021672      0x1b2 Middlewares/Third_Party/FreeRTOS/Source/portable/MemMang/heap_4.o
 .debug_macro   0x00021824      0x3d1 Src/main.o
 .debug_macro   0x00021bf5       0xde Src/main.o
 .debug_macro   0x00021cd3      0x319 Src/stm32f4xx_hal_msp.o
 .debug_macro   0x00021fec      0x3d7 Src/stm32f4xx_it.o
 .debug_macro   0x000223c3      0x31f Src/system_stm32f4xx.o

.debug_line     0x00000000     0xb0f3
 .debug_line    0x00000000      0x993 Drivers/STM32F4xx_HAL_Driver/Src/stm32f4xx_hal.o
 .debug_line    0x00000993      0xc62 Drivers/STM32F4xx_HAL_Driver/Src/stm32f4xx_hal_adc.o
 .debug_line    0x000015f5      0xa00 Drivers/STM32F4xx_HAL_Driver/Src/stm32f4xx_hal_cortex.o
 .debug_line    0x00001ff5      0xb09 Drivers/STM32F4xx_HAL_Driver/Src/stm32f4xx_hal_dma.o
 .debug_line    0x00002afe      0x974 Drivers/STM32F4xx_HAL_Driver/Src/stm32f4xx_hal_gpio.o
 .debug_line    0x00003472      0xaf9 Drivers/STM32F4xx_HAL_Driver/Src/stm32f4xx_hal_rcc.o
 .debug_line    0x00003f6b     0x10ee Drivers/STM32F4xx_HAL_Driver/Src/stm32f4xx_hal_uart.o
 .debug_line    0x00005059      0xbee Middlewares/Third_Party/FreeRTOS/Source/CMSIS_RTOS/cmsis_os.o
 .debug_line    0x00005c47      0x58f Middlewares/Third_Party/FreeRTOS/Source/list.o
 .debug_line    0x000061d6      0xac0 Middlewares/Third_Party/FreeRTOS/Source/queue.o
 .debug_line    0x00006c96      0xe50 Middlewares/Third_Party/FreeRTOS/Source/tasks.o
 .debug_line    0x00007ae6      0x610 Middlewares/Third_Party/FreeRTOS/Source/portable/GCC/ARM_CM4F/port.o
 .debug_line    0x000080f6      0x641 Middlewares/Third_Party/FreeRTOS/Source/portable/MemMang/heap_4.o
 .debug_line    0x00008737      0xe6e Src/main.o
 .debug_line    0x000095a5      0x84a Src/stm32f4xx_hal_msp.o
 .debug_line    0x00009def      0xa71 Src/stm32f4xx_it.o
 .debug_line    0x0000a860      0x814 Src/system_stm32f4xx.o
 .debug_line    0x0000b074       0x7f startup/startup_stm32f407xx.o

.debug_str      0x00000000    0xc8c84
 .debug_str     0x00000000    0xbf005 Drivers/STM32F4xx_HAL_Driver/Src/stm32f4xx_hal.o
                              0xbf3e2 (size before relaxing)
 .debug_str     0x000bf005      0x69a Drivers/STM32F4xx_HAL_Driver/Src/stm32f4xx_hal_adc.o
                              0xbeee0 (size before relaxing)
 .debug_str     0x000bf69f      0x39e Drivers/STM32F4xx_HAL_Driver/Src/stm32f4xx_hal_cortex.o
                              0xbf1a8 (size before relaxing)
 .debug_str     0x000bfa3d      0x2fe Drivers/STM32F4xx_HAL_Driver/Src/stm32f4xx_hal_dma.o
                              0xbed18 (size before relaxing)
 .debug_str     0x000bfd3b      0x287 Drivers/STM32F4xx_HAL_Driver/Src/stm32f4xx_hal_gpio.o
                              0xbeb36 (size before relaxing)
 .debug_str     0x000bffc2      0x380 Drivers/STM32F4xx_HAL_Driver/Src/stm32f4xx_hal_rcc.o
                              0xbed07 (size before relaxing)
 .debug_str     0x000c0342      0x6e7 Drivers/STM32F4xx_HAL_Driver/Src/stm32f4xx_hal_uart.o
                              0xbf17b (size before relaxing)
 .debug_str     0x000c0a29     0x5cde Middlewares/Third_Party/FreeRTOS/Source/CMSIS_RTOS/cmsis_os.o
                               0xc2e4 (size before relaxing)
 .debug_str     0x000c6707      0x234 Middlewares/Third_Party/FreeRTOS/Source/list.o
                               0x9571 (size before relaxing)
 .debug_str     0x000c693b      0x714 Middlewares/Third_Party/FreeRTOS/Source/queue.o
                               0xabd0 (size before relaxing)
 .debug_str     0x000c704f      0xf45 Middlewares/Third_Party/FreeRTOS/Source/tasks.o
                               0xb636 (size before relaxing)
 .debug_str     0x000c7f94      0x77c Middlewares/Third_Party/FreeRTOS/Source/portable/GCC/ARM_CM4F/port.o
                               0x75e9 (size before relaxing)
 .debug_str     0x000c8710      0x243 Middlewares/Third_Party/FreeRTOS/Source/portable/MemMang/heap_4.o
                               0x9cb1 (size before relaxing)
 .debug_str     0x000c8953      0x20e Src/main.o
                              0xc4bcc (size before relaxing)
 .debug_str     0x000c8b61       0x1b Src/stm32f4xx_hal_msp.o
                              0xbf3e6 (size before relaxing)
 .debug_str     0x000c8b7c       0xae Src/stm32f4xx_it.o
                              0xc3e13 (size before relaxing)
 .debug_str     0x000c8c2a       0x5a Src/system_stm32f4xx.o
                              0xbe8f2 (size before relaxing)

.comment        0x00000000       0x7f
 .comment       0x00000000       0x7f Drivers/STM32F4xx_HAL_Driver/Src/stm32f4xx_hal.o
                                 0x80 (size before relaxing)
 .comment       0x0000007f       0x80 Drivers/STM32F4xx_HAL_Driver/Src/stm32f4xx_hal_adc.o
 .comment       0x0000007f       0x80 Drivers/STM32F4xx_HAL_Driver/Src/stm32f4xx_hal_cortex.o
 .comment       0x0000007f       0x80 Drivers/STM32F4xx_HAL_Driver/Src/stm32f4xx_hal_dma.o
 .comment       0x0000007f       0x80 Drivers/STM32F4xx_HAL_Driver/Src/stm32f4xx_hal_gpio.o
 .comment       0x0000007f       0x80 Drivers/STM32F4xx_HAL_Driver/Src/stm32f4xx_hal_rcc.o
 .comment       0x0000007f       0x80 Drivers/STM32F4xx_HAL_Driver/Src/stm32f4xx_hal_uart.o
 .comment       0x0000007f       0x80 Middlewares/Third_Party/FreeRTOS/Source/CMSIS_RTOS/cmsis_os.o
 .comment       0x0000007f       0x80 Middlewares/Third_Party/FreeRTOS/Source/list.o
 .comment       0x0000007f       0x80 Middlewares/Third_Party/FreeRTOS/Source/queue.o
 .comment       0x0000007f       0x80 Middlewares/Third_Party/FreeRTOS/Source/tasks.o
 .comment       0x0000007f       0x80 Middlewares/Third_Party/FreeRTOS/Source/portable/GCC/ARM_CM4F/port.o
 .comment       0x0000007f       0x80 Middlewares/Third_Party/FreeRTOS/Source/portable/MemMang/heap_4.o
 .comment       0x0000007f       0x80 Src/main.o
 .comment       0x0000007f       0x80 Src/stm32f4xx_hal_msp.o
 .comment       0x0000007f       0x80 Src/stm32f4xx_it.o
 .comment       0x0000007f       0x80 Src/system_stm32f4xx.o

.debug_frame    0x00000000     0x2074
 .debug_frame   0x00000000      0x198 Drivers/STM32F4xx_HAL_Driver/Src/stm32f4xx_hal.o
 .debug_frame   0x00000198      0x27c Drivers/STM32F4xx_HAL_Driver/Src/stm32f4xx_hal_adc.o
 .debug_frame   0x00000414      0x15c Drivers/STM32F4xx_HAL_Driver/Src/stm32f4xx_hal_cortex.o
 .debug_frame   0x00000570      0x17c Drivers/STM32F4xx_HAL_Driver/Src/stm32f4xx_hal_dma.o
 .debug_frame   0x000006ec       0xd0 Drivers/STM32F4xx_HAL_Driver/Src/stm32f4xx_hal_gpio.o
 .debug_frame   0x000007bc      0x13c Drivers/STM32F4xx_HAL_Driver/Src/stm32f4xx_hal_rcc.o
 .debug_frame   0x000008f8      0x4e8 Drivers/STM32F4xx_HAL_Driver/Src/stm32f4xx_hal_uart.o
 .debug_frame   0x00000de0      0x58c Middlewares/Third_Party/FreeRTOS/Source/CMSIS_RTOS/cmsis_os.o
 .debug_frame   0x0000136c       0x6c Middlewares/Third_Party/FreeRTOS/Source/list.o
 .debug_frame   0x000013d8      0x2cc Middlewares/Third_Party/FreeRTOS/Source/queue.o
 .debug_frame   0x000016a4      0x504 Middlewares/Third_Party/FreeRTOS/Source/tasks.o
 .debug_frame   0x00001ba8       0xfc Middlewares/Third_Party/FreeRTOS/Source/portable/GCC/ARM_CM4F/port.o
 .debug_frame   0x00001ca4       0xac Middlewares/Third_Party/FreeRTOS/Source/portable/MemMang/heap_4.o
 .debug_frame   0x00001d50      0x16c Src/main.o
 .debug_frame   0x00001ebc       0x94 Src/stm32f4xx_hal_msp.o
 .debug_frame   0x00001f50       0xa0 Src/stm32f4xx_it.o
 .debug_frame   0x00001ff0       0x30 Src/system_stm32f4xx.o
 .debug_frame   0x00002020       0x2c c:/ac6/systemworkbench/plugins/fr.ac6.mcu.externaltools.arm-none.win32_1.15.0.201708311556/tools/compiler/bin/../lib/gcc/arm-none-eabi/6.3.1/../../../../arm-none-eabi/lib/thumb/v7e-m/fpv4-sp/hard\libc_nano.a(lib_a-init.o)
 .debug_frame   0x0000204c       0x28 c:/ac6/systemworkbench/plugins/fr.ac6.mcu.externaltools.arm-none.win32_1.15.0.201708311556/tools/compiler/bin/../lib/gcc/arm-none-eabi/6.3.1/../../../../arm-none-eabi/lib/thumb/v7e-m/fpv4-sp/hard\libc_nano.a(lib_a-memcpy-stub.o)
